mode: set
D:\GoWorkSpace\GoStudy\src\test\TestDemo.go:9.24,11.2 1 1
D:\GoWorkSpace\GoStudy\src\test\TestDemo.go:16.15,18.2 1 1
D:\GoWorkSpace\GoStudy\src\test\TestDemo.go:20.58,30.2 4 1
